---
source: src/lib/snapshot_tests.rs
expression: "ascii_snap(&simple_chain_graph(), &GraphRenderOpts::default(), false)"
---
╞══ handler ════════════════════════════════════════

                ┌────────────┐             ┌─────┐
 ext:handler ──▶│ middleware │───handler──▶│ srv │
                └────────────┘             └─────┘
