---
source: src/lib/snapshot_tests.rs
assertion_line: 240
expression: "mermaid_snap(&typed_chain_graph(), DetailLevel::AllInterfaces, false)"
---
%%{init: {'flowchart': {'wrappingWidth': 600}}}%%
graph LR
    subgraph host["Host Imports"]
        wasi_http_handler_0_3_0["handler"]
    end

    subgraph composition["Component Instances"]
        srv["srv"]
        middleware["middleware"]
    end

    wasi_http_handler_0_3_0 -->|"handler"| srv
    srv ──>|"handler"| middleware

    middleware --> export_wasi_http_handler_0_3_0(["Export: handler"])
