---
source: src/lib/snapshot_tests.rs
assertion_line: 281
expression: "ascii_snap(&two_typed_chain_graph(), DetailLevel::HandlerChain, true)"
---
┌────────────────────────────────────┐
│           Service Chains           │
├────────────────────────────────────┤
│[Export: handler✦] ──> mw-http      │
│mw-http ── handler✦ ──> srv-http    │
│                                    │
│[Export: store✧] ──> cache          │
│cache ── store✧ ──> db              │
│                                    │
│✦ `handle`: (u32) -> bool           │
│✧ `get`: (string) -> string         │
└────────────────────────────────────┘
