---
source: src/lib/snapshot_tests.rs
expression: "ascii_snap(&long_chain_graph(), DetailLevel::AllInterfaces, false)"
---
┌──────────────────┐
│   Host Imports   │
├──────────────────┤
│  {consumer}      │
└──────────────────┘
┌─────────────────────────┐
│   Component Instances   │
├─────────────────────────┤
│  [backend]              │
│  [service]              │
│  [gateway]              │
└─────────────────────────┘
┌───────────────────────────────────────────┐
│                Connections                │
├───────────────────────────────────────────┤
│  {consumer} --- consumer --> [backend]    │
│  [backend] ── consumer ──> [service]      │
│  [service] ── consumer ──> [gateway]      │
│  [gateway] ──> (Export: consumer)         │
└───────────────────────────────────────────┘
