---
source: src/lib/snapshot_tests.rs
expression: "ascii_snap(&two_chain_graph(), &chain_only(), false)"
---
╞══ handler ════════════════════════════════════════

                ┌─────────┐             ┌──────────┐
 ext:handler ──▶│ mw-http │───handler──▶│ srv-http │
                └─────────┘             └──────────┘


╞══ store ════════════════════════════════════════

              ┌───────┐           ┌────┐
 ext:store ──▶│ cache │───store──▶│ db │
              └───────┘           └────┘
