---
source: src/lib/snapshot_tests.rs
assertion_line: 197
expression: "ascii_snap(&typed_chain_graph(), DetailLevel::HandlerChain, true)"
---
┌─────────────────────────────────────┐
│           Service Chains            │
├─────────────────────────────────────┤
│[Export: handler✦] ──> middleware    │
│middleware ── handler✦ ──> srv       │
│                                     │
│✦ `handle`: (u32) -> bool            │
└─────────────────────────────────────┘
