---
source: src/lib/snapshot_tests.rs
assertion_line: 202
expression: "ascii_snap(&typed_chain_graph(), DetailLevel::AllInterfaces, false)"
---
┌──────────────────┐
│   Host Imports   │
├──────────────────┤
│  {handler}       │
└──────────────────┘
┌─────────────────────────┐
│   Component Instances   │
├─────────────────────────┤
│  [srv]                  │
│  [middleware]           │
└─────────────────────────┘
┌────────────────────────────────────────┐
│              Connections               │
├────────────────────────────────────────┤
│  {handler} --- handler --- [srv]       │
│  [srv] ── handler ──> [middleware]     │
│  [middleware] ──> (Export: handler)    │
└────────────────────────────────────────┘
